// Jest Snapshot v1, https://goo.gl/fbAQLP

exports[`SocketHandlers render 1`] = `
<div
  data-testid="socket-handlers"
/>
`;
