// Jest Snapshot v1, https://goo.gl/fbAQLP

exports[`ReactQueryProvider render 1`] = `
<div
  data-testid="react-query-provider"
>
  CHILDREN
</div>
`;
