// Jest Snapshot v1, https://goo.gl/fbAQLP

exports[`SocketProvider render 1`] = `
<div
  data-testid="socket-provider"
>
  CHILDREN
</div>
`;
